---
source: crates/djls-template-ast/src/parser.rs
expression: ast
---
nodes:
  - Django:
      Variable:
        bits:
          - user
          - name
        filters:
          - name: default
            arguments:
              - Anonymous
          - name: title
            arguments: []
