---
source: crates/djls-template-ast/src/parser.rs
expression: ast
---
nodes:
  - Html:
      Void:
        tag_name: img
        attributes:
          src:
            Value: example.png
