---
source: src/lib.rs
expression: result
---
5
