---
source: src/lib.rs
expression: res
---
[
  1,
  2,
  4
]
