---
source: src/lib.rs
expression: res
---
{
  "test": 2
}
