---
source: src/lib.rs
expression: res
---
"expected_result_1"
