---
source: src/lib.rs
expression: res
---
"name,id
foo,1
bar,2
"
