---
source: crates/djls-template-ast/src/parser.rs
expression: ast
---
nodes:
  - Django:
      Tag:
        kind: If
        bits:
          - if
          - user.is_staff
        children:
          - Text: Admin
